> Task :app:preBuild UP-TO-DATE
> Task :app:preDebugBuild UP-TO-DATE
> Task :app:mergeDebugNativeDebugMetadata NO-SOURCE
> Task :app:checkKotlinGradlePluginConfigurationErrors SKIPPED
> Task :app:checkDebugAarMetadata UP-TO-DATE
> Task :app:processDebugNavigationResources UP-TO-DATE
> Task :app:compileDebugNavigationResources UP-TO-DATE
> Task :app:generateDebugResValues UP-TO-DATE
> Task :app:mapDebugSourceSetPaths UP-TO-DATE
> Task :app:generateDebugResources UP-TO-DATE
> Task :app:mergeDebugResources UP-TO-DATE
> Task :app:packageDebugResources UP-TO-DATE
> Task :app:parseDebugLocalResources UP-TO-DATE
> Task :app:createDebugCompatibleScreenManifests UP-TO-DATE
> Task :app:extractDeepLinksDebug UP-TO-DATE
> Task :app:processDebugMainManifest UP-TO-DATE
> Task :app:processDebugManifest UP-TO-DATE
> Task :app:processDebugManifestForPackage UP-TO-DATE
> Task :app:processDebugResources UP-TO-DATE
> Task :app:kspDebugKotlin UP-TO-DATE
> Task :app:javaPreCompileDebug UP-TO-DATE
> Task :app:mergeDebugShaders UP-TO-DATE
> Task :app:compileDebugShaders NO-SOURCE
> Task :app:generateDebugAssets UP-TO-DATE
> Task :app:mergeDebugAssets UP-TO-DATE
> Task :app:compressDebugAssets UP-TO-DATE
> Task :app:desugarDebugFileDependencies UP-TO-DATE
> Task :app:checkDebugDuplicateClasses UP-TO-DATE
> Task :app:mergeExtDexDebug UP-TO-DATE
> Task :app:mergeLibDexDebug UP-TO-DATE
> Task :app:mergeDebugJniLibFolders UP-TO-DATE
> Task :app:mergeDebugNativeLibs UP-TO-DATE
> Task :app:stripDebugDebugSymbols UP-TO-DATE
> Task :app:validateSigningDebug UP-TO-DATE
> Task :app:writeDebugAppMetadata UP-TO-DATE
> Task :app:writeDebugSigningConfigVersions UP-TO-DATE

> Task :app:compileDebugKotlin FAILED
.\gradlew.bat : e: fi
le:///C:/Users/Shubh/
AndroidStudioProjects
/DotNotes/app/src/mai
n/java/com/folius/dot
notes/ui/NoteListScre
en.kt:579:69 
Unresolved reference 
'StartToEnd'.
At line:1 char:1
+ .\gradlew.bat 
assembleDebug > 
build_output.txt 2>&1
+ ~~~~~~~~~~~~~~~~~~~
~~~~~~~~~~~~~~~~~~~~~
~~~~~~~~~~~
    + CategoryInfo   
           : NotSpe  
  cified: (e: file   
 :///C:/U...e 'St    
artToEnd'.:Strin    
g) [], RemoteExc    
eption
    + FullyQualified 
   ErrorId : Native  
  CommandError
 
e: file:///C:/Users/S
hubh/AndroidStudioPro
jects/DotNotes/app/sr
c/main/java/com/foliu
s/dotnotes/ui/NoteLis
tScreen.kt:579:97 
Unresolved reference 
'EndToStart'.
e: file:///C:/Users/S
hubh/AndroidStudioPro
jects/DotNotes/app/sr
c/main/java/com/foliu
s/dotnotes/ui/NoteLis
tScreen.kt:586:74 
Unresolved reference 
'StartToEnd'.
e: file:///C:/Users/S
hubh/AndroidStudioPro
jects/DotNotes/app/sr
c/main/java/com/foliu
s/dotnotes/ui/NoteLis
tScreen.kt:587:74 
Unresolved reference 
'EndToStart'.
e: file:///C:/Users/S
hubh/AndroidStudioPro
jects/DotNotes/app/sr
c/main/java/com/foliu
s/dotnotes/ui/NoteLis
tScreen.kt:588:58 
Unresolved reference 
'StartToEnd'.
e: file:///C:/Users/S
hubh/AndroidStudioPro
jects/DotNotes/app/sr
c/main/java/com/foliu
s/dotnotes/ui/NoteLis
tScreen.kt:589:58 
Unresolved reference 
'EndToStart'.
e: file:///C:/Users/S
hubh/AndroidStudioPro
jects/DotNotes/app/sr
c/main/java/com/foliu
s/dotnotes/ui/SecretN
otesScreen.kt:193:38 
Unresolved reference 
'clip'.
e: file:///C:/Users/S
hubh/AndroidStudioPro
jects/DotNotes/app/sr
c/main/java/com/foliu
s/dotnotes/ui/SecretN
otesScreen.kt:212:34 
Unresolved reference 
'clip'.
e: file:///C:/Users/S
hubh/AndroidStudioPro
jects/DotNotes/app/sr
c/main/java/com/foliu
s/dotnotes/ui/Setting
sScreen.kt:296:85 
Unresolved reference 
'CenterHorizontal'.
e: file:///C:/Users/S
hubh/AndroidStudioPro
jects/DotNotes/app/sr
c/main/java/com/foliu
s/dotnotes/ui/TrashSc
reen.kt:99:38 
Unresolved reference 
'clip'.
e: file:///C:/Users/S
hubh/AndroidStudioPro
jects/DotNotes/app/sr
c/main/java/com/foliu
s/dotnotes/ui/TrashSc
reen.kt:102:41 
Unresolved reference 
'showEmptyTrashDialog
'.
e: file:///C:/Users/S
hubh/AndroidStudioPro
jects/DotNotes/app/sr
c/main/java/com/foliu
s/dotnotes/ui/TrashSc
reen.kt:118:34 
Unresolved reference 
'clip'.
e: file:///C:/Users/S
hubh/AndroidStudioPro
jects/DotNotes/app/sr
c/main/java/com/foliu
s/dotnotes/ui/TrashSc
reen.kt:137:9 
Unresolved reference 
'showEmptyTrashDialog
'.
e: file:///C:/Users/S
hubh/AndroidStudioPro
jects/DotNotes/app/sr
c/main/java/com/foliu
s/dotnotes/ui/TrashSc
reen.kt:139:34 
Unresolved reference 
'showEmptyTrashDialog
'.
e: file:///C:/Users/S
hubh/AndroidStudioPro
jects/DotNotes/app/sr
c/main/java/com/foliu
s/dotnotes/ui/TrashSc
reen.kt:146:25 
Unresolved reference 
'showEmptyTrashDialog
'.
e: file:///C:/Users/S
hubh/AndroidStudioPro
jects/DotNotes/app/sr
c/main/java/com/foliu
s/dotnotes/ui/TrashSc
reen.kt:154:40 
Unresolved reference 
'showEmptyTrashDialog
'.

FAILURE: Build 
failed with an 
exception.

* What went wrong:
Execution failed for 
task ':app:compileDeb
ugKotlin'.
> A failure occurred 
while executing org.j
etbrains.kotlin.compi
lerRunner.GradleCompi
lerRunnerWithWorkers$
GradleKotlinCompilerW
orkAction
   > Compilation 
error. See log for 
more details

* Try:
> Run with 
--stacktrace option 
to get the stack 
trace.
> Run with --info or 
--debug option to 
get more log output.
> Run with --scan to 
get full insights.
> Get more help at ht
tps://help.gradle.org
.

BUILD FAILED in 10s
31 actionable tasks: 1 executed, 30 up-to-date
